
> urban-rise-water-delivery@1.0.0 build
> next build

  Γû▓ Next.js 14.2.35
  - Environments: .env

   Creating an optimized production build ...
 Γ£ô Compiled successfully
   Linting and checking validity of types ...
node.exe : Failed to 
compile.
At line:1 char:1
+ & "C:\Program 
Files\nodejs/node.exe" 
"C:\Program 
Files\nodejs/node_mo 
...
+ ~~~~~~~~~~~~~~~~~~~~~
~~~~~~~~~~~~~~~~~~~~~~~
~~~~~~~~~~~~~~~~~~~~~~~
~~
    + CategoryInfo     
         : NotSpecifi  
  ed: (Failed to com   
 pile.:String) [],     
RemoteException
    + FullyQualifiedEr 
   rorId : NativeComm  
  andError
 

./src/app/api/admin/cus
tomers/list/route.ts:15
:11
Type error: 'admin' is 
declared but its value 
is never read.

[0m [90m 13 |[39m   
[36mtry[39m {[0m
[0m [90m 14 |[39m   
  [90m// Verify admin 
access[39m[0m
[0m[31m[1m>[22m[39
m[90m 15 |[39m     
[36mconst[39m admin 
[33m=[39m 
[36mawait[39m 
requireAdmin()[0m
[0m [90m    |[39m   
        [31m[1m^[22m
[39m[0m
[0m [90m 16 
|[39m[0m
[0m [90m 17 |[39m   
  [36mconst[39m { 
searchParams } 
[33m=[39m 
[36mnew[39m [33mURL
[39m(request[33m.[39m
url)[0m
[0m [90m 18 |[39m   
  [36mconst[39m 
verified [33m=[39m se
archParams[33m.[39m[
36mget[39m([32m'verif
ied'[39m) [90m// 
'true' | 'false' | 
null (all)[39m[0m
Next.js build worker 
exited with code: 1 
and signal: null
